// Jest Snapshot v1, https://goo.gl/fbAQLP

exports[`<CheckedStar /> renders without crashing 1`] = `""`;
